Flow report for soc_system
Sun Nov 17 19:13:17 2013
Quartus II 64-Bit Version 13.1.0 Build 162 10/23/2013 SJ Web Edition


---------------------
; Table of Contents ;
---------------------
  1. Legal Notice
  2. Flow Summary
  3. Flow Settings
  4. Flow Non-Default Global Settings
  5. Flow Elapsed Time
  6. Flow OS Summary
  7. Flow Log
  8. Flow Messages
  9. Flow Suppressed Messages



----------------
; Legal Notice ;
----------------
Copyright (C) 1991-2013 Altera Corporation
Your use of Altera Corporation's design tools, logic functions 
and other software and tools, and its AMPP partner logic 
functions, and any output files from any of the foregoing 
(including device programming or simulation files), and any 
associated documentation or information are expressly subject 
to the terms and conditions of the Altera Program License 
Subscription Agreement, Altera MegaCore Function License 
Agreement, or other applicable license agreement, including, 
without limitation, that your use is for the sole purpose of 
programming logic devices manufactured by Altera and sold by 
Altera or its authorized distributors.  Please refer to the 
applicable agreement for further details.



+------------------------------------------------------------------------------+
; Flow Summary                                                                 ;
+---------------------------------+--------------------------------------------+
; Flow Status                     ; Successful - Sun Nov 17 19:13:17 2013      ;
; Quartus II 64-Bit Version       ; 13.1.0 Build 162 10/23/2013 SJ Web Edition ;
; Revision Name                   ; soc_system                                 ;
; Top-level Entity Name           ; c5sx_soc                                   ;
; Family                          ; Cyclone V                                  ;
; Device                          ; 5CSXFC6D6F31C8ES                           ;
; Timing Models                   ; Preliminary                                ;
; Logic utilization (in ALMs)     ; 2,482 / 41,910 ( 6 % )                     ;
; Total registers                 ; 3543                                       ;
; Total pins                      ; 153 / 499 ( 31 % )                         ;
; Total virtual pins              ; 0                                          ;
; Total block memory bits         ; 526,336 / 5,662,720 ( 9 % )                ;
; Total DSP Blocks                ; 0 / 112 ( 0 % )                            ;
; Total HSSI RX PCSs              ; 0 / 9 ( 0 % )                              ;
; Total HSSI PMA RX Deserializers ; 0 / 9 ( 0 % )                              ;
; Total HSSI TX PCSs              ; 0 / 9 ( 0 % )                              ;
; Total HSSI TX Channels          ; 0 / 9 ( 0 % )                              ;
; Total PLLs                      ; 0 / 15 ( 0 % )                             ;
; Total DLLs                      ; 1 / 4 ( 25 % )                             ;
+---------------------------------+--------------------------------------------+


+-----------------------------------------+
; Flow Settings                           ;
+-------------------+---------------------+
; Option            ; Setting             ;
+-------------------+---------------------+
; Start date & time ; 11/17/2013 19:05:06 ;
; Main task         ; Compilation         ;
; Revision Name     ; soc_system          ;
+-------------------+---------------------+


+--------------------------------------------------------------------------------------------------------------------------------------------------------------------------------------------------------------+
; Flow Non-Default Global Settings                                                                                                                                                                             ;
+---------------------------------------+-----------------------------------------------------------------------------------+---------------+-------------------------------------------------+----------------+
; Assignment Name                       ; Value                                                                             ; Default Value ; Entity Name                                     ; Section Id     ;
+---------------------------------------+-----------------------------------------------------------------------------------+---------------+-------------------------------------------------+----------------+
; AUTO_OPEN_DRAIN_PINS                  ; Off                                                                               ; On            ; --                                              ; --             ;
; COMPILER_SIGNATURE_ID                 ; 255160561502151.138471150620197                                                   ; --            ; --                                              ; --             ;
; ECO_REGENERATE_REPORT                 ; On                                                                                ; Off           ; --                                              ; --             ;
; EDA_OUTPUT_DATA_FORMAT                ; Verilog Hdl                                                                       ; --            ; --                                              ; eda_simulation ;
; EDA_SIMULATION_TOOL                   ; ModelSim-Altera (Verilog)                                                         ; <None>        ; --                                              ; --             ;
; ENABLE_SIGNALTAP                      ; Off                                                                               ; --            ; --                                              ; --             ;
; FITTER_EFFORT                         ; Standard Fit                                                                      ; Auto Fit      ; --                                              ; --             ;
; HPS_ISW_FILE                          ; soc_system/synthesis/submodules/sequencer/sequencer.pre.h                         ; --            ; soc_system_hps_0_hps_io_border                  ; --             ;
; HPS_ISW_FILE                          ; soc_system/synthesis/submodules/sequencer/emif.pre.xml                            ; --            ; soc_system_hps_0_hps_io_border                  ; --             ;
; HPS_ISW_FILE                          ; soc_system/synthesis/submodules/sequencer/system.pre.h                            ; --            ; soc_system_hps_0_hps_io_border                  ; --             ;
; HPS_ISW_FILE                          ; soc_system/synthesis/submodules/sequencer/sequencer_defines.pre.h                 ; --            ; soc_system_hps_0_hps_io_border                  ; --             ;
; HPS_ISW_FILE                          ; soc_system/synthesis/submodules/sequencer/sequencer_auto.pre.h                    ; --            ; soc_system_hps_0_hps_io_border                  ; --             ;
; HPS_ISW_FILE                          ; soc_system/synthesis/submodules/sequencer/alt_types.pre.h                         ; --            ; soc_system_hps_0_hps_io_border                  ; --             ;
; HPS_ISW_FILE                          ; soc_system/synthesis/submodules/sequencer/sequencer.pre.c                         ; --            ; soc_system_hps_0_hps_io_border                  ; --             ;
; HPS_ISW_FILE                          ; soc_system/synthesis/submodules/sequencer/tclrpt.pre.h                            ; --            ; soc_system_hps_0_hps_io_border                  ; --             ;
; HPS_ISW_FILE                          ; soc_system/synthesis/submodules/sequencer/tclrpt.pre.c                            ; --            ; soc_system_hps_0_hps_io_border                  ; --             ;
; HPS_ISW_FILE                          ; soc_system/synthesis/submodules/sequencer/sdram_io.pre.h                          ; --            ; soc_system_hps_0_hps_io_border                  ; --             ;
; HPS_ISW_FILE                          ; soc_system/synthesis/submodules/sequencer/sequencer_auto_ac_init.pre.c            ; --            ; soc_system_hps_0_hps_io_border                  ; --             ;
; HPS_ISW_FILE                          ; soc_system/synthesis/submodules/sequencer/sequencer_auto_inst_init.pre.c          ; --            ; soc_system_hps_0_hps_io_border                  ; --             ;
; HPS_ISW_FILE                          ; soc_system/synthesis/submodules/hps.pre.xml                                       ; --            ; soc_system_hps_0_hps_io_border                  ; --             ;
; HPS_PARTITION                         ; On                                                                                ; --            ; soc_system_hps_0_hps_io_border                  ; --             ;
; IOBANK_VCCIO                          ; 1.5V                                                                              ; --            ; --                                              ; 4A             ;
; IOBANK_VCCIO                          ; 3.3V                                                                              ; --            ; --                                              ; 3A             ;
; IOBANK_VCCIO                          ; 3.3V                                                                              ; --            ; --                                              ; 7A             ;
; IOBANK_VCCIO                          ; 3.3V                                                                              ; --            ; --                                              ; 7B             ;
; IOBANK_VCCIO                          ; 3.3V                                                                              ; --            ; --                                              ; 7C             ;
; IOBANK_VCCIO                          ; 3.3V                                                                              ; --            ; --                                              ; 7D             ;
; IOBANK_VCCIO                          ; 2.5V                                                                              ; --            ; --                                              ; 5B             ;
; IP_TOOL_ENV                           ; Qsys                                                                              ; --            ; altera_avalon_packets_to_master                 ; --             ;
; IP_TOOL_ENV                           ; Qsys                                                                              ; --            ; altera_avalon_sc_fifo                           ; --             ;
; IP_TOOL_ENV                           ; Qsys                                                                              ; --            ; altera_avalon_st_bytes_to_packets               ; --             ;
; IP_TOOL_ENV                           ; Qsys                                                                              ; --            ; altera_avalon_st_jtag_interface                 ; --             ;
; IP_TOOL_ENV                           ; Qsys                                                                              ; --            ; altera_avalon_st_packets_to_bytes               ; --             ;
; IP_TOOL_ENV                           ; Qsys                                                                              ; --            ; altera_merlin_axi_master_ni                     ; --             ;
; IP_TOOL_ENV                           ; Qsys                                                                              ; --            ; altera_merlin_axi_slave_ni                      ; --             ;
; IP_TOOL_ENV                           ; Qsys                                                                              ; --            ; altera_merlin_burst_adapter                     ; --             ;
; IP_TOOL_ENV                           ; Qsys                                                                              ; --            ; altera_merlin_master_agent                      ; --             ;
; IP_TOOL_ENV                           ; Qsys                                                                              ; --            ; altera_merlin_master_translator                 ; --             ;
; IP_TOOL_ENV                           ; Qsys                                                                              ; --            ; altera_merlin_slave_agent                       ; --             ;
; IP_TOOL_ENV                           ; Qsys                                                                              ; --            ; altera_merlin_slave_translator                  ; --             ;
; IP_TOOL_ENV                           ; Qsys                                                                              ; --            ; altera_merlin_traffic_limiter                   ; --             ;
; IP_TOOL_ENV                           ; Qsys                                                                              ; --            ; altera_merlin_width_adapter                     ; --             ;
; IP_TOOL_ENV                           ; Qsys                                                                              ; --            ; altera_reset_controller                         ; --             ;
; IP_TOOL_ENV                           ; Qsys                                                                              ; --            ; intr_capturer                                   ; --             ;
; IP_TOOL_ENV                           ; Qsys                                                                              ; --            ; --                                              ; --             ;
; IP_TOOL_ENV                           ; Qsys                                                                              ; --            ; soc_system_button_pio                           ; --             ;
; IP_TOOL_ENV                           ; Qsys                                                                              ; --            ; soc_system_dipsw_pio                            ; --             ;
; IP_TOOL_ENV                           ; Qsys                                                                              ; --            ; soc_system_hps_0                                ; --             ;
; IP_TOOL_ENV                           ; Qsys                                                                              ; --            ; soc_system_hps_0_hps_io                         ; --             ;
; IP_TOOL_ENV                           ; Qsys                                                                              ; --            ; soc_system_irq_mapper                           ; --             ;
; IP_TOOL_ENV                           ; Qsys                                                                              ; --            ; soc_system_irq_mapper_001                       ; --             ;
; IP_TOOL_ENV                           ; Qsys                                                                              ; --            ; soc_system_jtag_uart                            ; --             ;
; IP_TOOL_ENV                           ; Qsys                                                                              ; --            ; soc_system_led_pio                              ; --             ;
; IP_TOOL_ENV                           ; Qsys                                                                              ; --            ; soc_system_master_secure                        ; --             ;
; IP_TOOL_ENV                           ; Qsys                                                                              ; --            ; soc_system_master_secure_b2p_adapter            ; --             ;
; IP_TOOL_ENV                           ; Qsys                                                                              ; --            ; soc_system_master_secure_p2b_adapter            ; --             ;
; IP_TOOL_ENV                           ; Qsys                                                                              ; --            ; soc_system_master_secure_timing_adt             ; --             ;
; IP_TOOL_ENV                           ; Qsys                                                                              ; --            ; soc_system_mm_interconnect_0                    ; --             ;
; IP_TOOL_ENV                           ; Qsys                                                                              ; --            ; soc_system_mm_interconnect_0_addr_router        ; --             ;
; IP_TOOL_ENV                           ; Qsys                                                                              ; --            ; soc_system_mm_interconnect_0_addr_router_002    ; --             ;
; IP_TOOL_ENV                           ; Qsys                                                                              ; --            ; soc_system_mm_interconnect_0_addr_router_003    ; --             ;
; IP_TOOL_ENV                           ; Qsys                                                                              ; --            ; soc_system_mm_interconnect_0_cmd_xbar_demux     ; --             ;
; IP_TOOL_ENV                           ; Qsys                                                                              ; --            ; soc_system_mm_interconnect_0_cmd_xbar_demux_002 ; --             ;
; IP_TOOL_ENV                           ; Qsys                                                                              ; --            ; soc_system_mm_interconnect_0_cmd_xbar_demux_003 ; --             ;
; IP_TOOL_ENV                           ; Qsys                                                                              ; --            ; soc_system_mm_interconnect_0_cmd_xbar_mux       ; --             ;
; IP_TOOL_ENV                           ; Qsys                                                                              ; --            ; soc_system_mm_interconnect_0_cmd_xbar_mux_001   ; --             ;
; IP_TOOL_ENV                           ; Qsys                                                                              ; --            ; soc_system_mm_interconnect_0_cmd_xbar_mux_003   ; --             ;
; IP_TOOL_ENV                           ; Qsys                                                                              ; --            ; soc_system_mm_interconnect_0_id_router          ; --             ;
; IP_TOOL_ENV                           ; Qsys                                                                              ; --            ; soc_system_mm_interconnect_0_id_router_001      ; --             ;
; IP_TOOL_ENV                           ; Qsys                                                                              ; --            ; soc_system_mm_interconnect_0_id_router_003      ; --             ;
; IP_TOOL_ENV                           ; Qsys                                                                              ; --            ; soc_system_mm_interconnect_0_rsp_xbar_demux     ; --             ;
; IP_TOOL_ENV                           ; Qsys                                                                              ; --            ; soc_system_mm_interconnect_0_rsp_xbar_demux_001 ; --             ;
; IP_TOOL_ENV                           ; Qsys                                                                              ; --            ; soc_system_mm_interconnect_0_rsp_xbar_demux_003 ; --             ;
; IP_TOOL_ENV                           ; Qsys                                                                              ; --            ; soc_system_mm_interconnect_0_rsp_xbar_mux       ; --             ;
; IP_TOOL_ENV                           ; Qsys                                                                              ; --            ; soc_system_mm_interconnect_0_rsp_xbar_mux_002   ; --             ;
; IP_TOOL_ENV                           ; Qsys                                                                              ; --            ; soc_system_mm_interconnect_0_rsp_xbar_mux_003   ; --             ;
; IP_TOOL_ENV                           ; Qsys                                                                              ; --            ; soc_system_mm_interconnect_1                    ; --             ;
; IP_TOOL_ENV                           ; Qsys                                                                              ; --            ; soc_system_mm_interconnect_1_addr_router        ; --             ;
; IP_TOOL_ENV                           ; Qsys                                                                              ; --            ; soc_system_mm_interconnect_1_cmd_xbar_demux     ; --             ;
; IP_TOOL_ENV                           ; Qsys                                                                              ; --            ; soc_system_mm_interconnect_1_cmd_xbar_mux       ; --             ;
; IP_TOOL_ENV                           ; Qsys                                                                              ; --            ; soc_system_mm_interconnect_1_id_router          ; --             ;
; IP_TOOL_ENV                           ; Qsys                                                                              ; --            ; soc_system_mm_interconnect_1_rsp_xbar_demux     ; --             ;
; IP_TOOL_ENV                           ; Qsys                                                                              ; --            ; soc_system_mm_interconnect_1_rsp_xbar_mux       ; --             ;
; IP_TOOL_ENV                           ; Qsys                                                                              ; --            ; soc_system_onchip_memory2_0                     ; --             ;
; IP_TOOL_ENV                           ; Qsys                                                                              ; --            ; soc_system_sysid_qsys                           ; --             ;
; IP_TOOL_NAME                          ; altera_avalon_packets_to_master                                                   ; --            ; altera_avalon_packets_to_master                 ; --             ;
; IP_TOOL_NAME                          ; altera_avalon_sc_fifo                                                             ; --            ; altera_avalon_sc_fifo                           ; --             ;
; IP_TOOL_NAME                          ; altera_avalon_st_bytes_to_packets                                                 ; --            ; altera_avalon_st_bytes_to_packets               ; --             ;
; IP_TOOL_NAME                          ; altera_jtag_dc_streaming                                                          ; --            ; altera_avalon_st_jtag_interface                 ; --             ;
; IP_TOOL_NAME                          ; altera_avalon_st_packets_to_bytes                                                 ; --            ; altera_avalon_st_packets_to_bytes               ; --             ;
; IP_TOOL_NAME                          ; altera_merlin_axi_master_ni                                                       ; --            ; altera_merlin_axi_master_ni                     ; --             ;
; IP_TOOL_NAME                          ; altera_merlin_axi_slave_ni                                                        ; --            ; altera_merlin_axi_slave_ni                      ; --             ;
; IP_TOOL_NAME                          ; altera_merlin_burst_adapter                                                       ; --            ; altera_merlin_burst_adapter                     ; --             ;
; IP_TOOL_NAME                          ; altera_merlin_master_agent                                                        ; --            ; altera_merlin_master_agent                      ; --             ;
; IP_TOOL_NAME                          ; altera_merlin_master_translator                                                   ; --            ; altera_merlin_master_translator                 ; --             ;
; IP_TOOL_NAME                          ; altera_merlin_slave_agent                                                         ; --            ; altera_merlin_slave_agent                       ; --             ;
; IP_TOOL_NAME                          ; altera_merlin_slave_translator                                                    ; --            ; altera_merlin_slave_translator                  ; --             ;
; IP_TOOL_NAME                          ; altera_merlin_traffic_limiter                                                     ; --            ; altera_merlin_traffic_limiter                   ; --             ;
; IP_TOOL_NAME                          ; altera_merlin_width_adapter                                                       ; --            ; altera_merlin_width_adapter                     ; --             ;
; IP_TOOL_NAME                          ; altera_reset_controller                                                           ; --            ; altera_reset_controller                         ; --             ;
; IP_TOOL_NAME                          ; intr_capturer                                                                     ; --            ; intr_capturer                                   ; --             ;
; IP_TOOL_NAME                          ; Qsys                                                                              ; --            ; --                                              ; --             ;
; IP_TOOL_NAME                          ; altera_avalon_pio                                                                 ; --            ; soc_system_button_pio                           ; --             ;
; IP_TOOL_NAME                          ; altera_avalon_pio                                                                 ; --            ; soc_system_dipsw_pio                            ; --             ;
; IP_TOOL_NAME                          ; altera_hps                                                                        ; --            ; soc_system_hps_0                                ; --             ;
; IP_TOOL_NAME                          ; altera_hps_io                                                                     ; --            ; soc_system_hps_0_hps_io                         ; --             ;
; IP_TOOL_NAME                          ; altera_irq_mapper                                                                 ; --            ; soc_system_irq_mapper                           ; --             ;
; IP_TOOL_NAME                          ; altera_irq_mapper                                                                 ; --            ; soc_system_irq_mapper_001                       ; --             ;
; IP_TOOL_NAME                          ; altera_avalon_jtag_uart                                                           ; --            ; soc_system_jtag_uart                            ; --             ;
; IP_TOOL_NAME                          ; altera_avalon_pio                                                                 ; --            ; soc_system_led_pio                              ; --             ;
; IP_TOOL_NAME                          ; altera_jtag_avalon_master                                                         ; --            ; soc_system_master_secure                        ; --             ;
; IP_TOOL_NAME                          ; channel_adapter                                                                   ; --            ; soc_system_master_secure_b2p_adapter            ; --             ;
; IP_TOOL_NAME                          ; channel_adapter                                                                   ; --            ; soc_system_master_secure_p2b_adapter            ; --             ;
; IP_TOOL_NAME                          ; timing_adapter                                                                    ; --            ; soc_system_master_secure_timing_adt             ; --             ;
; IP_TOOL_NAME                          ; altera_merlin_interconnect_wrapper                                                ; --            ; soc_system_mm_interconnect_0                    ; --             ;
; IP_TOOL_NAME                          ; altera_merlin_router                                                              ; --            ; soc_system_mm_interconnect_0_addr_router        ; --             ;
; IP_TOOL_NAME                          ; altera_merlin_router                                                              ; --            ; soc_system_mm_interconnect_0_addr_router_002    ; --             ;
; IP_TOOL_NAME                          ; altera_merlin_router                                                              ; --            ; soc_system_mm_interconnect_0_addr_router_003    ; --             ;
; IP_TOOL_NAME                          ; altera_merlin_demultiplexer                                                       ; --            ; soc_system_mm_interconnect_0_cmd_xbar_demux     ; --             ;
; IP_TOOL_NAME                          ; altera_merlin_demultiplexer                                                       ; --            ; soc_system_mm_interconnect_0_cmd_xbar_demux_002 ; --             ;
; IP_TOOL_NAME                          ; altera_merlin_demultiplexer                                                       ; --            ; soc_system_mm_interconnect_0_cmd_xbar_demux_003 ; --             ;
; IP_TOOL_NAME                          ; altera_merlin_multiplexer                                                         ; --            ; soc_system_mm_interconnect_0_cmd_xbar_mux       ; --             ;
; IP_TOOL_NAME                          ; altera_merlin_multiplexer                                                         ; --            ; soc_system_mm_interconnect_0_cmd_xbar_mux_001   ; --             ;
; IP_TOOL_NAME                          ; altera_merlin_multiplexer                                                         ; --            ; soc_system_mm_interconnect_0_cmd_xbar_mux_003   ; --             ;
; IP_TOOL_NAME                          ; altera_merlin_router                                                              ; --            ; soc_system_mm_interconnect_0_id_router          ; --             ;
; IP_TOOL_NAME                          ; altera_merlin_router                                                              ; --            ; soc_system_mm_interconnect_0_id_router_001      ; --             ;
; IP_TOOL_NAME                          ; altera_merlin_router                                                              ; --            ; soc_system_mm_interconnect_0_id_router_003      ; --             ;
; IP_TOOL_NAME                          ; altera_merlin_demultiplexer                                                       ; --            ; soc_system_mm_interconnect_0_rsp_xbar_demux     ; --             ;
; IP_TOOL_NAME                          ; altera_merlin_demultiplexer                                                       ; --            ; soc_system_mm_interconnect_0_rsp_xbar_demux_001 ; --             ;
; IP_TOOL_NAME                          ; altera_merlin_demultiplexer                                                       ; --            ; soc_system_mm_interconnect_0_rsp_xbar_demux_003 ; --             ;
; IP_TOOL_NAME                          ; altera_merlin_multiplexer                                                         ; --            ; soc_system_mm_interconnect_0_rsp_xbar_mux       ; --             ;
; IP_TOOL_NAME                          ; altera_merlin_multiplexer                                                         ; --            ; soc_system_mm_interconnect_0_rsp_xbar_mux_002   ; --             ;
; IP_TOOL_NAME                          ; altera_merlin_multiplexer                                                         ; --            ; soc_system_mm_interconnect_0_rsp_xbar_mux_003   ; --             ;
; IP_TOOL_NAME                          ; altera_merlin_interconnect_wrapper                                                ; --            ; soc_system_mm_interconnect_1                    ; --             ;
; IP_TOOL_NAME                          ; altera_merlin_router                                                              ; --            ; soc_system_mm_interconnect_1_addr_router        ; --             ;
; IP_TOOL_NAME                          ; altera_merlin_demultiplexer                                                       ; --            ; soc_system_mm_interconnect_1_cmd_xbar_demux     ; --             ;
; IP_TOOL_NAME                          ; altera_merlin_multiplexer                                                         ; --            ; soc_system_mm_interconnect_1_cmd_xbar_mux       ; --             ;
; IP_TOOL_NAME                          ; altera_merlin_router                                                              ; --            ; soc_system_mm_interconnect_1_id_router          ; --             ;
; IP_TOOL_NAME                          ; altera_merlin_demultiplexer                                                       ; --            ; soc_system_mm_interconnect_1_rsp_xbar_demux     ; --             ;
; IP_TOOL_NAME                          ; altera_merlin_multiplexer                                                         ; --            ; soc_system_mm_interconnect_1_rsp_xbar_mux       ; --             ;
; IP_TOOL_NAME                          ; altera_avalon_onchip_memory2                                                      ; --            ; soc_system_onchip_memory2_0                     ; --             ;
; IP_TOOL_NAME                          ; altera_avalon_sysid_qsys                                                          ; --            ; soc_system_sysid_qsys                           ; --             ;
; IP_TOOL_VERSION                       ; 13.1                                                                              ; --            ; altera_avalon_packets_to_master                 ; --             ;
; IP_TOOL_VERSION                       ; 13.1                                                                              ; --            ; altera_avalon_sc_fifo                           ; --             ;
; IP_TOOL_VERSION                       ; 13.1                                                                              ; --            ; altera_avalon_st_bytes_to_packets               ; --             ;
; IP_TOOL_VERSION                       ; 13.1                                                                              ; --            ; altera_avalon_st_jtag_interface                 ; --             ;
; IP_TOOL_VERSION                       ; 13.1                                                                              ; --            ; altera_avalon_st_packets_to_bytes               ; --             ;
; IP_TOOL_VERSION                       ; 13.1                                                                              ; --            ; altera_merlin_axi_master_ni                     ; --             ;
; IP_TOOL_VERSION                       ; 13.1                                                                              ; --            ; altera_merlin_axi_slave_ni                      ; --             ;
; IP_TOOL_VERSION                       ; 13.1                                                                              ; --            ; altera_merlin_burst_adapter                     ; --             ;
; IP_TOOL_VERSION                       ; 13.1                                                                              ; --            ; altera_merlin_master_agent                      ; --             ;
; IP_TOOL_VERSION                       ; 13.1                                                                              ; --            ; altera_merlin_master_translator                 ; --             ;
; IP_TOOL_VERSION                       ; 13.1                                                                              ; --            ; altera_merlin_slave_agent                       ; --             ;
; IP_TOOL_VERSION                       ; 13.1                                                                              ; --            ; altera_merlin_slave_translator                  ; --             ;
; IP_TOOL_VERSION                       ; 13.1                                                                              ; --            ; altera_merlin_traffic_limiter                   ; --             ;
; IP_TOOL_VERSION                       ; 13.1                                                                              ; --            ; altera_merlin_width_adapter                     ; --             ;
; IP_TOOL_VERSION                       ; 13.1                                                                              ; --            ; altera_reset_controller                         ; --             ;
; IP_TOOL_VERSION                       ; 100.99.98.97                                                                      ; --            ; intr_capturer                                   ; --             ;
; IP_TOOL_VERSION                       ; 13.1                                                                              ; --            ; --                                              ; --             ;
; IP_TOOL_VERSION                       ; 13.1                                                                              ; --            ; soc_system_button_pio                           ; --             ;
; IP_TOOL_VERSION                       ; 13.1                                                                              ; --            ; soc_system_dipsw_pio                            ; --             ;
; IP_TOOL_VERSION                       ; 13.1                                                                              ; --            ; soc_system_hps_0                                ; --             ;
; IP_TOOL_VERSION                       ; 13.1                                                                              ; --            ; soc_system_hps_0_hps_io                         ; --             ;
; IP_TOOL_VERSION                       ; 13.1                                                                              ; --            ; soc_system_irq_mapper                           ; --             ;
; IP_TOOL_VERSION                       ; 13.1                                                                              ; --            ; soc_system_irq_mapper_001                       ; --             ;
; IP_TOOL_VERSION                       ; 13.1                                                                              ; --            ; soc_system_jtag_uart                            ; --             ;
; IP_TOOL_VERSION                       ; 13.1                                                                              ; --            ; soc_system_led_pio                              ; --             ;
; IP_TOOL_VERSION                       ; 13.1                                                                              ; --            ; soc_system_master_secure                        ; --             ;
; IP_TOOL_VERSION                       ; 13.1                                                                              ; --            ; soc_system_master_secure_b2p_adapter            ; --             ;
; IP_TOOL_VERSION                       ; 13.1                                                                              ; --            ; soc_system_master_secure_p2b_adapter            ; --             ;
; IP_TOOL_VERSION                       ; 13.1                                                                              ; --            ; soc_system_master_secure_timing_adt             ; --             ;
; IP_TOOL_VERSION                       ; 13.1                                                                              ; --            ; soc_system_mm_interconnect_0                    ; --             ;
; IP_TOOL_VERSION                       ; 13.1                                                                              ; --            ; soc_system_mm_interconnect_0_addr_router        ; --             ;
; IP_TOOL_VERSION                       ; 13.1                                                                              ; --            ; soc_system_mm_interconnect_0_addr_router_002    ; --             ;
; IP_TOOL_VERSION                       ; 13.1                                                                              ; --            ; soc_system_mm_interconnect_0_addr_router_003    ; --             ;
; IP_TOOL_VERSION                       ; 13.1                                                                              ; --            ; soc_system_mm_interconnect_0_cmd_xbar_demux     ; --             ;
; IP_TOOL_VERSION                       ; 13.1                                                                              ; --            ; soc_system_mm_interconnect_0_cmd_xbar_demux_002 ; --             ;
; IP_TOOL_VERSION                       ; 13.1                                                                              ; --            ; soc_system_mm_interconnect_0_cmd_xbar_demux_003 ; --             ;
; IP_TOOL_VERSION                       ; 13.1                                                                              ; --            ; soc_system_mm_interconnect_0_cmd_xbar_mux       ; --             ;
; IP_TOOL_VERSION                       ; 13.1                                                                              ; --            ; soc_system_mm_interconnect_0_cmd_xbar_mux_001   ; --             ;
; IP_TOOL_VERSION                       ; 13.1                                                                              ; --            ; soc_system_mm_interconnect_0_cmd_xbar_mux_003   ; --             ;
; IP_TOOL_VERSION                       ; 13.1                                                                              ; --            ; soc_system_mm_interconnect_0_id_router          ; --             ;
; IP_TOOL_VERSION                       ; 13.1                                                                              ; --            ; soc_system_mm_interconnect_0_id_router_001      ; --             ;
; IP_TOOL_VERSION                       ; 13.1                                                                              ; --            ; soc_system_mm_interconnect_0_id_router_003      ; --             ;
; IP_TOOL_VERSION                       ; 13.1                                                                              ; --            ; soc_system_mm_interconnect_0_rsp_xbar_demux     ; --             ;
; IP_TOOL_VERSION                       ; 13.1                                                                              ; --            ; soc_system_mm_interconnect_0_rsp_xbar_demux_001 ; --             ;
; IP_TOOL_VERSION                       ; 13.1                                                                              ; --            ; soc_system_mm_interconnect_0_rsp_xbar_demux_003 ; --             ;
; IP_TOOL_VERSION                       ; 13.1                                                                              ; --            ; soc_system_mm_interconnect_0_rsp_xbar_mux       ; --             ;
; IP_TOOL_VERSION                       ; 13.1                                                                              ; --            ; soc_system_mm_interconnect_0_rsp_xbar_mux_002   ; --             ;
; IP_TOOL_VERSION                       ; 13.1                                                                              ; --            ; soc_system_mm_interconnect_0_rsp_xbar_mux_003   ; --             ;
; IP_TOOL_VERSION                       ; 13.1                                                                              ; --            ; soc_system_mm_interconnect_1                    ; --             ;
; IP_TOOL_VERSION                       ; 13.1                                                                              ; --            ; soc_system_mm_interconnect_1_addr_router        ; --             ;
; IP_TOOL_VERSION                       ; 13.1                                                                              ; --            ; soc_system_mm_interconnect_1_cmd_xbar_demux     ; --             ;
; IP_TOOL_VERSION                       ; 13.1                                                                              ; --            ; soc_system_mm_interconnect_1_cmd_xbar_mux       ; --             ;
; IP_TOOL_VERSION                       ; 13.1                                                                              ; --            ; soc_system_mm_interconnect_1_id_router          ; --             ;
; IP_TOOL_VERSION                       ; 13.1                                                                              ; --            ; soc_system_mm_interconnect_1_rsp_xbar_demux     ; --             ;
; IP_TOOL_VERSION                       ; 13.1                                                                              ; --            ; soc_system_mm_interconnect_1_rsp_xbar_mux       ; --             ;
; IP_TOOL_VERSION                       ; 13.1                                                                              ; --            ; soc_system_onchip_memory2_0                     ; --             ;
; IP_TOOL_VERSION                       ; 13.1                                                                              ; --            ; soc_system_sysid_qsys                           ; --             ;
; MAX_CORE_JUNCTION_TEMP                ; 85                                                                                ; --            ; --                                              ; --             ;
; MIN_CORE_JUNCTION_TEMP                ; 0                                                                                 ; --            ; --                                              ; --             ;
; MISC_FILE                             ; soc_system/synthesis/../../soc_system.cmp                                         ; --            ; --                                              ; --             ;
; MISC_FILE                             ; soc_system/synthesis/soc_system_hps_0_hps.svd                                     ; --            ; --                                              ; --             ;
; MISC_FILE                             ; soc_system/synthesis/../../soc_system.qsys                                        ; --            ; --                                              ; --             ;
; MISC_FILE                             ; soc_system/synthesis/submodules/sequencer/sequencer.pre.h                         ; --            ; --                                              ; --             ;
; MISC_FILE                             ; soc_system/synthesis/submodules/sequencer/emif.pre.xml                            ; --            ; --                                              ; --             ;
; MISC_FILE                             ; soc_system/synthesis/submodules/sequencer/system.pre.h                            ; --            ; --                                              ; --             ;
; MISC_FILE                             ; soc_system/synthesis/submodules/sequencer/sequencer_defines.pre.h                 ; --            ; --                                              ; --             ;
; MISC_FILE                             ; soc_system/synthesis/submodules/sequencer/sequencer_auto.pre.h                    ; --            ; --                                              ; --             ;
; MISC_FILE                             ; soc_system/synthesis/submodules/sequencer/alt_types.pre.h                         ; --            ; --                                              ; --             ;
; MISC_FILE                             ; soc_system/synthesis/submodules/sequencer/sequencer.pre.c                         ; --            ; --                                              ; --             ;
; MISC_FILE                             ; soc_system/synthesis/submodules/sequencer/tclrpt.pre.h                            ; --            ; --                                              ; --             ;
; MISC_FILE                             ; soc_system/synthesis/submodules/sequencer/tclrpt.pre.c                            ; --            ; --                                              ; --             ;
; MISC_FILE                             ; soc_system/synthesis/submodules/sequencer/sdram_io.pre.h                          ; --            ; --                                              ; --             ;
; MISC_FILE                             ; soc_system/synthesis/submodules/sequencer/sequencer_auto_ac_init.pre.c            ; --            ; --                                              ; --             ;
; MISC_FILE                             ; soc_system/synthesis/submodules/sequencer/sequencer_auto_inst_init.pre.c          ; --            ; --                                              ; --             ;
; MISC_FILE                             ; soc_system/synthesis/submodules/hps.pre.xml                                       ; --            ; --                                              ; --             ;
; PARTITION_COLOR                       ; 16764057                                                                          ; --            ; c5sx_soc                                        ; Top            ;
; PARTITION_COLOR                       ; 16764057                                                                          ; --            ; --                                              ; Top            ;
; PARTITION_FITTER_PRESERVATION_LEVEL   ; PLACEMENT_AND_ROUTING                                                             ; --            ; c5sx_soc                                        ; Top            ;
; PARTITION_FITTER_PRESERVATION_LEVEL   ; PLACEMENT_AND_ROUTING                                                             ; --            ; --                                              ; Top            ;
; PARTITION_NETLIST_TYPE                ; SOURCE                                                                            ; --            ; c5sx_soc                                        ; Top            ;
; PARTITION_NETLIST_TYPE                ; SOURCE                                                                            ; --            ; --                                              ; Top            ;
; POWER_BOARD_THERMAL_MODEL             ; None (CONSERVATIVE)                                                               ; --            ; --                                              ; --             ;
; POWER_PRESET_COOLING_SOLUTION         ; 23 MM HEAT SINK WITH 200 LFPM AIRFLOW                                             ; --            ; --                                              ; --             ;
; PROJECT_OUTPUT_DIRECTORY              ; output_files                                                                      ; --            ; --                                              ; --             ;
; SEARCH_PATH                           ; c:\altera_trn\sockit\sockit_hw_lab_13.0\soc_system\synthesis\submodules\sequencer ; --            ; --                                              ; --             ;
; SEARCH_PATH                           ; c:\altera_trn\sockit\sockit_hw_lab_13.0\soc_system\synthesis\submodules           ; --            ; --                                              ; --             ;
; SEARCH_PATH                           ; c:\altera_trn\sockit\sockit_hw_lab_13.0\soc_system\synthesis                      ; --            ; --                                              ; --             ;
; SEARCH_PATH                           ; SoCkit_SW_lab_13.0/                                                               ; --            ; --                                              ; --             ;
; SEARCH_PATH                           ; ip/intr_capturer/                                                                 ; --            ; --                                              ; --             ;
; SEARCH_PATH                           ; soc_system/synthesis/                                                             ; --            ; --                                              ; --             ;
; SEARCH_PATH                           ; soc_system/synthesis/submodules/                                                  ; --            ; --                                              ; --             ;
; SEARCH_PATH                           ; soc_system/synthesis/submodules/sequencer/                                        ; --            ; --                                              ; --             ;
; SEARCH_PATH                           ; top/                                                                              ; --            ; --                                              ; --             ;
; SLD_FILE                              ; soc_system/synthesis/soc_system.regmap                                            ; --            ; --                                              ; --             ;
; SLD_FILE                              ; soc_system/synthesis/soc_system.debuginfo                                         ; --            ; --                                              ; --             ;
; SLD_INFO                              ; QSYS_NAME soc_system HAS_SOPCINFO 1 GENERATION_ID 1384710630                      ; --            ; --                                              ; --             ;
; SOPCINFO_FILE                         ; soc_system/synthesis/../../soc_system.sopcinfo                                    ; --            ; --                                              ; --             ;
; SYNTHESIS_ONLY_QIP                    ; On                                                                                ; --            ; --                                              ; --             ;
; TOP_LEVEL_ENTITY                      ; c5sx_soc                                                                          ; soc_system    ; --                                              ; --             ;
; USE_DLL_FREQUENCY_FOR_DQS_DELAY_CHAIN ; On                                                                                ; Off           ; --                                              ; --             ;
; USE_SIGNALTAP_FILE                    ; SoCkit_SW_lab_13.0/stp1.stp                                                       ; --            ; --                                              ; --             ;
+---------------------------------------+-----------------------------------------------------------------------------------+---------------+-------------------------------------------------+----------------+


+-------------------------------------------------------------------------------------------------------------------------------+
; Flow Elapsed Time                                                                                                             ;
+---------------------------+--------------+-------------------------+---------------------+------------------------------------+
; Module Name               ; Elapsed Time ; Average Processors Used ; Peak Virtual Memory ; Total CPU Time (on all processors) ;
+---------------------------+--------------+-------------------------+---------------------+------------------------------------+
; Analysis & Synthesis      ; 00:00:39     ; 1.1                     ; 1147 MB             ; 00:00:37                           ;
; Fitter                    ; 00:04:22     ; 1.6                     ; 2752 MB             ; 00:05:25                           ;
; Assembler                 ; 00:00:32     ; 1.0                     ; 966 MB              ; 00:00:26                           ;
; TimeQuest Timing Analyzer ; 00:01:33     ; 2.0                     ; 2027 MB             ; 00:02:08                           ;
; EDA Netlist Writer        ; 00:00:06     ; 1.0                     ; 1071 MB             ; 00:00:05                           ;
; Total                     ; 00:07:12     ; --                      ; --                  ; 00:08:41                           ;
+---------------------------+--------------+-------------------------+---------------------+------------------------------------+


+--------------------------------------------------------------------------------------+
; Flow OS Summary                                                                      ;
+---------------------------+------------------+---------+------------+----------------+
; Module Name               ; Machine Hostname ; OS Name ; OS Version ; Processor type ;
+---------------------------+------------------+---------+------------+----------------+
; Analysis & Synthesis      ; karel            ; This is ; This is    ; x86_64         ;
; Fitter                    ; karel            ; This is ; This is    ; x86_64         ;
; Assembler                 ; karel            ; This is ; This is    ; x86_64         ;
; TimeQuest Timing Analyzer ; karel            ; This is ; This is    ; x86_64         ;
; EDA Netlist Writer        ; karel            ; This is ; This is    ; x86_64         ;
+---------------------------+------------------+---------+------------+----------------+


------------
; Flow Log ;
------------
quartus_map --read_settings_files=on --write_settings_files=off soc_system -c soc_system
quartus_fit --read_settings_files=off --write_settings_files=off soc_system -c soc_system
quartus_asm --read_settings_files=off --write_settings_files=off soc_system -c soc_system
quartus_sta soc_system -c soc_system
quartus_eda --read_settings_files=off --write_settings_files=off soc_system -c soc_system



